🚀 NPCL VOICE ASSISTANT - ONE COMMAND TEST
==========================================
📞 Starting Asterisk...
🤖 Starting ARI Bot...
🌉 Starting ARI Bridge...
🧪 System Check:
✅ Asterisk: Running
✅ ARI Bot: Healthy
✅ ARI Bridge: Connected
🔊 Testing Enhanced TTS...
✅ Enhanced TTS: Working perfectly!

🔧 Configuration:
   🎤 Voice: 
   🔊 TTS: 
   📞 App: openai-voice-assistant

🌐 Endpoints:
   📊 Health: http://localhost:8000/ari/health
   📞 Calls: http://localhost:8000/ari/calls
   📚 Docs: http://localhost:8000/docs

📞 CALL TEST:
   1. Configure SIP: 1001@localhost:5060 (password: 1001)
   2. Dial: 1000
   3. Speak and listen for AI response

🔍 LIVE MONITORING (Press Ctrl+C to stop):
==========================================
⏰ [10:42:15] System ready - No active calls
⏰ [10:42:25] System ready - No active calls
⏰ [10:42:35] System ready - No active calls
⏰ [10:42:45] System ready - No active calls
⏰ [10:42:55] System ready - No active calls
⏰ [10:43:05] System ready - No active calls
⏰ [10:43:15] System ready - No active calls
⏰ [10:43:25] System ready - No active calls
⏰ [10:43:35] System ready - No active calls
⏰ [10:43:45] System ready - No active calls
⏰ [10:43:55] System ready - No active calls
⏰ [10:44:05] System ready - No active calls
⏰ [10:44:16] System ready - No active calls
⏰ [10:44:26] System ready - No active calls
⏰ [10:44:36] System ready - No active calls
⏰ [10:44:46] System ready - No active calls
⏰ [10:44:56] System ready - No active calls
⏰ [10:45:06] System ready - No active calls
⏰ [10:45:16] System ready - No active calls
⏰ [10:45:26] System ready - No active calls
⏰ [10:45:36] System ready - No active calls
⏰ [10:45:46] System ready - No active calls
⏰ [10:45:56] System ready - No active calls
⏰ [10:46:06] System ready - No active calls
⏰ [10:46:16] System ready - No active calls
⏰ [10:46:26] System ready - No active calls
⏰ [10:46:36] System ready - No active calls
⏰ [10:46:46] System ready - No active calls
⏰ [10:46:56] System ready - No active calls
⏰ [10:47:06] System ready - No active calls
⏰ [10:47:16] System ready - No active calls
⏰ [10:47:26] System ready - No active calls
⏰ [10:47:36] System ready - No active calls
⏰ [10:47:46] System ready - No active calls
⏰ [10:47:56] System ready - No active calls
⏰ [10:48:06] System ready - No active calls
⏰ [10:48:16] System ready - No active calls
⏰ [10:48:26] System ready - No active calls
⏰ [10:48:36] System ready - No active calls
⏰ [10:48:46] System ready - No active calls
⏰ [10:48:56] System ready - No active calls
⏰ [10:49:06] System ready - No active calls
⏰ [10:49:16] System ready - No active calls
⏰ [10:49:26] System ready - No active calls
⏰ [10:49:36] System ready - No active calls
⏰ [10:49:46] System ready - No active calls
⏰ [10:49:57] System ready - No active calls
⏰ [10:50:07] System ready - No active calls
⏰ [10:50:17] System ready - No active calls
⏰ [10:50:27] System ready - No active calls
⏰ [10:50:37] System ready - No active calls
⏰ [10:50:47] System ready - No active calls
⏰ [10:50:57] System ready - No active calls
⏰ [10:51:07] System ready - No active calls
⏰ [10:51:17] System ready - No active calls
⏰ [10:51:27] System ready - No active calls
⏰ [10:51:37] System ready - No active calls
⏰ [10:51:47] System ready - No active calls
⏰ [10:51:57] System ready - No active calls
⏰ [10:52:07] System ready - No active calls

⏰ Monitoring completed (60 seconds)
